Password:thermal authority experiment
  holding fan 0 at 1000 rpm (range 1000-3625)
  fan 1 left on auto as the control
  duration 420 s, abort at 95 C or thermal pressure heavy
  started 32 load workers

   sec   held_rpm   ctrl_rpm    soc_C   nand_C  pressure
     0       1162       1167     49.6     40.0  nominal  (settling)
     1        986       1154     50.8     40.0  nominal
     2        887       1113     50.7     40.0  nominal
     3       1033       1136     50.8     40.0  nominal
     4       1046       1173     51.0     40.0  nominal
     5        980       1151     51.1     40.0  nominal
     6        972       1132     51.6     40.0  nominal
     7       1000       1125     51.0     40.0  nominal
     8       1010       1130     51.6     40.0  nominal
     9       1018       1136     52.0     41.0  nominal
    10       1020       1135     51.5     40.0  nominal
    11       1007       1140     52.4     40.0  nominal
    12       1004       1144     52.5     40.0  nominal
    13       1005       1135     53.1     41.0  nominal
    14       1006       1134     53.1     41.0  nominal
    15       1005       1133     52.7     41.0  nominal
    16       1005       1134     53.4     40.0  nominal
    17       1005       1132     52.8     41.0  nominal
    18       1003       1131     53.0     41.0  nominal
    19       1006       1131     53.7     41.0  nominal
    20       1000       1129     53.5     41.0  nominal
    21       1001       1131     54.2     41.0  nominal
    22        998       1134     53.7     41.0  nominal
    23       1000       1130     54.2     40.0  nominal
    24        997       1131     55.1     41.0  nominal
    25        996       1134     54.8     41.0  nominal
    26        997       1130     54.5     41.0  nominal
    27       1001       1133     55.1     41.0  nominal
    28        995       1135     55.2     41.0  nominal
    29        994       1134     55.7     41.0  nominal
    30        995       1129     55.3     41.0  nominal
    31        997       1131     55.6     41.0  nominal
    32        997       1134     56.0     41.0  nominal
    33        995       1132     55.9     41.0  nominal
    34       1001       1128     56.3     42.0  nominal
    35        995       1130     56.3     41.0  nominal
    36        996       1130     56.2     41.0  nominal
    37        997       1130     56.2     42.0  nominal
    38        998       1128     56.7     42.0  nominal
    39       1000       1131     56.5     42.0  nominal
    40        993       1132     56.6     42.0  nominal
    41        996       1132     57.4     42.0  nominal
    42        995       1130     57.1     42.0  nominal
    43        999       1131     56.7     42.0  nominal
    44        995       1135     57.1     42.0  nominal
    45        995       1130     57.5     42.0  nominal
    46        999       1129     57.7     42.0  nominal
    47        995       1133     57.6     42.0  nominal
    48        995       1130     57.9     42.0  nominal
    49        991       1132     57.6     42.0  nominal
    50        995       1131     58.9     42.0  nominal
    51        993       1135     59.3     42.0  nominal
    52        999       1141     58.4     42.0  nominal
    53        995       1143     58.5     42.0  nominal
    54       1000       1141     58.4     42.0  nominal
    55       1001       1145     59.2     43.0  nominal
    56       1001       1151     59.6     43.0  nominal
    57       1002       1159     59.0     43.0  nominal
    58        998       1158     59.6     43.0  nominal
    59       1002       1157     59.3     43.0  nominal
    60       1003       1159     59.7     43.0  nominal
    61       1003       1159     60.1     43.0  nominal
    62       1002       1165     59.6     43.0  nominal
    63        998       1165     60.3     43.0  nominal
    64       1001       1170     60.0     43.0  nominal
    65       1001       1175     59.9     43.0  nominal
    66        997       1178     60.4     44.0  nominal
    67        996       1177     60.8     43.0  nominal
    68        999       1181     60.1     43.0  nominal
    69        998       1186     61.1     44.0  nominal
    70       1000       1189     61.4     44.0  nominal
    71       1001       1192     60.9     44.0  nominal
    72        996       1197     60.7     44.0  light
    73        997       1201     61.6     44.0  light
    74        991       1217     61.6     44.0  light
    75        992       1222     61.9     44.0  light
    76        986       1230     62.3     44.0  light
    77        984       1239     61.8     44.0  light
    78        984       1246     62.2     45.0  light
    79        981       1257     62.6     45.0  light
    80        987       1271     62.2     44.0  light
    81        997       1279     63.0     44.0  light
    82        997       1285     63.5     45.0  light
    83        999       1300     62.8     45.0  light
    84        998       1309     62.8     45.0  light
    85        994       1316     62.7     45.0  light
    86        993       1322     63.1     45.0  light
    87        989       1345     62.8     45.0  light
    88        987       1352     63.4     45.0  light
    89        983       1362     64.0     45.0  light
    90        990       1374     64.0     45.0  light
    91        986       1384     63.5     45.0  light
    92        987       1392     64.1     45.0  light
    93        983       1404     63.9     46.0  light
    94        991       1408     64.5     46.0  light
    95        990       1418     65.2     46.0  light
    96        992       1429     64.3     46.0  light
    97        990       1435     64.9     46.0  light
    98        983       1457     64.8     46.0  light
    99        982       1453     65.0     46.0  light
   100        986       1481     65.2     46.0  light
   101        983       1496     65.3     46.0  light
   102        985       1506     65.0     46.0  light
   103        984       1515     65.3     46.0  light
   104        982       1535     64.9     47.0  light
   105        984       1544     66.0     47.0  moderate
   106        983       1557     65.9     47.0  moderate
   107        981       1568     65.6     47.0  moderate
   108        982       1590     66.5     47.0  moderate
   109        980       1609     66.0     47.0  moderate
   110        985       1622     66.2     47.0  moderate
   111        982       1635     66.8     47.0  moderate
   112        983       1648     66.6     47.0  moderate
   113        983       1674     66.9     47.0  moderate
   114        985       1681     66.5     47.0  moderate
   115        982       1703     66.9     47.0  moderate
   116        983       1718     66.8     48.0  moderate
   117        982       1728     67.1     47.0  moderate
   118        982       1749     67.1     47.0  moderate
   119        983       1765     67.7     48.0  moderate
   120        981       1782     67.1     48.0  moderate
   121        986       1798     68.2     48.0  moderate
   122        980       1817     67.1     48.0  moderate
   123        986       1818     67.7     48.0  moderate
   124        994       1836     68.2     48.0  moderate
   125        989       1852     67.9     48.0  moderate
   126        980       1865     68.7     48.0  moderate
   127        981       1887     68.8     48.0  moderate
   128        983       1904     68.0     48.0  moderate
   129        982       1916     68.2     48.0  moderate
   130        979       1934     68.7     48.0  moderate
   131        985       1948     68.5     48.0  moderate
   132        979       1965     68.8     48.0  moderate
   133        985       1985     68.3     48.0  moderate
   134        986       2004     68.3     48.0  moderate
   135        985       2015     69.2     48.0  moderate
   136        978       2031     68.8     49.0  moderate
   137        980       2053     68.9     49.0  moderate
   138        986       2067     68.8     49.0  moderate
   139        979       2090     69.2     49.0  moderate
   140        978       2109     69.5     49.0  moderate
   141        989       2124     69.9     49.0  moderate
   142        994       2136     69.6     49.0  moderate
   143        986       2157     69.9     49.0  moderate
   144        980       2178     70.0     49.0  moderate
   145        978       2201     70.3     49.0  moderate
   146        981       2214     70.4     49.0  moderate
   147        990       2237     70.4     49.0  moderate
   148        982       2253     70.3     50.0  moderate
   149        982       2273     69.9     49.0  moderate
   150        983       2298     70.2     50.0  moderate
   151        980       2316     70.2     50.0  moderate
   152        998       2322     70.4     50.0  moderate
   153        999       2337     69.9     50.0  moderate
   154        993       2367     70.6     50.0  moderate
   155        980       2382     70.9     50.0  moderate
   156        976       2398     71.3     50.0  moderate
   157        985       2419     71.1     50.0  moderate
   158        980       2445     70.9     50.0  moderate
   159        977       2474     71.2     50.0  moderate
   160        980       2481     71.6     50.0  moderate
   161        991       2492     71.7     50.0  moderate
   162        993       2489     71.2     50.0  moderate
   163        993       2492     71.2     50.0  moderate
   164        996       2493     70.9     50.0  moderate
   165        996       2496     71.1     51.0  moderate
   166        995       2497     71.6     51.0  moderate
   167        992       2491     71.1     51.0  moderate
   168        998       2500     70.7     51.0  moderate
   169        998       2500     72.1     51.0  moderate
   170        999       2499     70.9     51.0  moderate
   171        996       2496     71.6     51.0  moderate
   172        994       2496     71.2     51.0  moderate
   173        998       2504     71.6     51.0  moderate
   174        995       2501     70.9     51.0  moderate
   175        989       2499     71.1     51.0  moderate
   176        989       2501     71.5     51.0  moderate
   177        997       2505     71.3     51.0  moderate
   178        996       2512     71.1     51.0  moderate
   179        998       2508     71.2     51.0  moderate
   180        999       2506     71.3     51.0  moderate
   181        994       2501     71.6     52.0  moderate
   182        997       2511     71.1     52.0  moderate
   183        997       2507     71.2     52.0  moderate
   184       1001       2511     71.2     52.0  moderate
   185        999       2509     71.2     52.0  moderate
   186        995       2511     71.3     52.0  moderate
   187       1001       2514     71.3     52.0  moderate
   188        998       2512     72.1     52.0  moderate
   189       1004       2513     71.6     52.0  moderate
   190       1003       2507     71.9     52.0  moderate
   191       1008       2513     71.5     52.0  moderate
   192       1009       2516     71.1     52.0  moderate
   193       1009       2514     71.3     52.0  moderate
   194       1007       2511     72.1     52.0  moderate
   195       1005       2514     71.3     52.0  moderate
   196       1014       2519     71.6     52.0  moderate
   197       1018       2511     71.6     52.0  moderate
   198       1011       2507     71.2     52.0  moderate
   199       1015       2514     71.1     52.0  moderate
   200       1015       2518     70.4     52.0  moderate
   201       1014       2511     71.6     52.0  moderate
   202       1012       2512     71.2     52.0  moderate
   203       1008       2509     71.3     52.0  moderate
   204       1010       2509     70.8     52.0  moderate
   205       1007       2515     71.6     52.0  moderate
   206       1006       2513     71.2     52.0  moderate
   207       1011       2515     71.0     52.0  moderate
   208       1011       2512     71.3     52.0  moderate
   209       1014       2510     70.9     52.0  moderate
   210       1009       2504     70.6     52.0  moderate
   211       1010       2511     70.9     52.0  moderate
   212       1016       2513     70.8     53.0  moderate
   213       1016       2514     71.1     52.0  moderate
   214       1015       2509     71.3     52.0  moderate
   215       1013       2515     71.3     52.0  moderate
   216       1013       2511     71.2     53.0  moderate
   217       1017       2516     70.8     53.0  moderate
   218       1014       2515     70.2     53.0  moderate
   219       1013       2511     71.2     53.0  moderate
   220       1015       2513     70.9     53.0  moderate
   221       1009       2516     70.4     53.0  moderate
   222       1012       2510     71.1     53.0  moderate
   223       1014       2517     71.1     53.0  moderate
   224       1013       2511     70.7     53.0  moderate
   225       1013       2513     71.3     53.0  moderate
   226       1013       2516     70.4     53.0  moderate
   227       1012       2513     70.3     53.0  moderate
   228       1012       2508     70.6     53.0  moderate
   229       1009       2506     71.0     53.0  moderate
   230       1015       2515     71.1     53.0  moderate
   231       1015       2510     70.2     53.0  moderate
   232       1009       2506     70.2     53.0  moderate
   233       1013       2510     70.3     53.0  moderate
   234       1018       2511     70.8     53.0  moderate
   235       1015       2516     70.3     53.0  moderate
   236       1011       2513     69.9     53.0  moderate
   237       1009       2513     69.9     53.0  moderate
   238       1017       2519     70.9     53.0  moderate
   239       1021       2517     70.2     53.0  moderate
   240       1007       2510     69.9     53.0  moderate
   241       1005       2508     70.3     53.0  moderate
   242       1004       2513     70.8     53.0  moderate
   243       1003       2512     69.8     53.0  moderate
   244       1008       2511     70.1     53.0  moderate
   245       1004       2511     70.3     53.0  moderate
   246       1002       2507     69.7     53.0  moderate
   247       1009       2513     69.9     53.0  moderate
   248       1010       2516     70.4     53.0  moderate
   249       1006       2511     70.0     53.0  moderate
   250       1009       2514     69.7     53.0  moderate
   251       1009       2508     69.5     53.0  moderate
   252       1014       2516     69.7     53.0  moderate
   253       1014       2508     70.3     53.0  moderate
   254       1012       2514     69.4     53.0  moderate
   255       1015       2517     69.6     53.0  moderate
   256       1013       2510     69.5     53.0  moderate
   257       1010       2512     70.3     53.0  moderate
   258       1012       2512     70.0     53.0  moderate
   259       1012       2513     69.9     53.0  moderate
   260       1016       2510     69.4     53.0  moderate
   261       1014       2514     69.7     53.0  moderate
   262       1008       2507     69.9     53.0  moderate
   263       1005       2508     70.0     53.0  moderate
   264       1007       2516     69.5     53.0  moderate
   265       1006       2510     69.5     53.0  moderate
   266       1007       2512     69.7     53.0  moderate
   267       1006       2510     69.3     53.0  moderate
   268       1010       2513     70.0     53.0  moderate
   269       1008       2518     69.5     53.0  moderate
   270       1009       2508     69.9     53.0  moderate
   271       1010       2512     69.2     53.0  moderate
   272       1004       2506     69.5     53.0  moderate
   273       1011       2517     69.5     53.0  moderate
   274       1010       2510     69.9     53.0  moderate
   275       1016       2516     69.9     53.0  moderate
   276       1013       2507     69.4     53.0  moderate
   277       1007       2508     68.7     53.0  moderate
   278       1013       2507     69.0     53.0  moderate
   279       1014       2514     69.5     53.0  moderate
   280       1010       2512     69.4     53.0  moderate
   281       1005       2511     69.0     53.0  moderate
   282       1012       2511     68.9     53.0  moderate
   283       1012       2511     69.7     53.0  moderate
   284       1011       2512     68.2     53.0  moderate
   285       1010       2508     68.7     53.0  moderate
   286       1015       2513     68.0     53.0  moderate
   287       1018       2514     68.4     53.0  moderate
   288       1010       2510     69.0     53.0  moderate
   289       1011       2511     68.7     53.0  moderate
   290       1007       2514     69.0     53.0  moderate
   291       1015       2510     68.5     53.0  moderate
   292       1012       2508     68.4     53.0  moderate
   293       1005       2509     69.0     53.0  moderate
   294       1014       2513     68.8     53.0  moderate
   295       1015       2507     68.7     53.0  moderate
   296       1017       2513     68.5     53.0  moderate
   297       1013       2511     68.6     53.0  moderate
   298       1009       2504     68.7     53.0  moderate
   299       1006       2507     68.5     53.0  moderate
   300       1015       2515     68.7     53.0  moderate
   301       1007       2507     68.1     53.0  moderate
   302       1017       2512     68.2     53.0  moderate
   303       1016       2511     68.4     53.0  moderate
   304       1012       2509     68.0     53.0  moderate
   305       1008       2508     68.6     53.0  moderate
   306       1005       2506     67.8     53.0  moderate
   307       1009       2509     68.1     53.0  moderate
   308       1003       2507     68.2     53.0  moderate
   309       1005       2510     68.4     53.0  moderate
   310       1001       2508     68.5     53.0  moderate
   311        999       2506     67.4     53.0  moderate
   312       1004       2511     67.8     53.0  moderate
   313       1005       2516     67.8     53.0  moderate
   314       1009       2503     68.2     53.0  moderate
   315       1010       2511     68.1     53.0  moderate
   316       1013       2512     67.4     53.0  moderate
   317       1013       2516     68.2     53.0  moderate
   318       1013       2509     67.7     53.0  moderate
   319       1015       2510     67.8     53.0  moderate
   320       1011       2507     67.9     53.0  moderate
   321       1007       2509     67.7     53.0  moderate
   322       1009       2506     67.8     53.0  moderate
   323       1006       2505     67.3     53.0  moderate
   324       1009       2509     67.8     53.0  moderate
   325       1012       2508     67.8     53.0  moderate
   326       1013       2502     67.8     53.0  moderate
   327       1016       2516     67.0     53.0  moderate
   328       1010       2505     67.8     53.0  moderate
   329       1010       2503     67.4     53.0  moderate
   330       1008       2507     67.8     53.0  moderate
   331       1007       2508     67.4     53.0  moderate
   332       1010       2507     67.8     53.0  moderate
   333       1016       2516     67.1     53.0  moderate
   334       1012       2506     66.9     53.0  moderate
   335       1006       2506     67.3     52.0  moderate
   336       1003       2504     67.4     53.0  moderate
   337       1004       2512     67.0     52.0  moderate
   338       1009       2511     67.3     52.0  moderate
   339       1005       2509     67.1     53.0  moderate
   340       1006       2507     67.4     52.0  moderate
   341       1005       2510     67.1     53.0  moderate
   342       1004       2512     66.9     53.0  moderate
   343       1004       2501     66.6     52.0  moderate
   344       1008       2510     66.6     52.0  moderate
   345       1006       2506     66.9     52.0  moderate
   346       1007       2510     66.9     52.0  moderate
   347       1003       2510     66.9     52.0  moderate
   348       1002       2508     67.0     52.0  moderate
   349       1000       2509     66.8     53.0  moderate
   350       1000       2513     66.3     52.0  moderate
   351       1000       2509     66.0     52.0  moderate
   352       1003       2508     66.2     52.0  moderate
   353       1003       2507     66.8     52.0  moderate
   354       1002       2505     66.6     52.0  moderate
   355       1004       2503     66.8     52.0  moderate
   356       1006       2505     66.9     52.0  moderate
   357       1007       2506     66.3     52.0  moderate
   358       1008       2503     66.0     52.0  moderate
   359       1009       2514     65.7     52.0  moderate
   360       1009       2507     66.3     52.0  moderate
   361       1011       2508     65.3     52.0  moderate
   362       1006       2507     66.0     52.0  moderate
   363       1006       2508     66.6     52.0  moderate
   364       1009       2506     65.7     52.0  moderate
   365       1004       2506     65.9     52.0  moderate
   366       1007       2509     66.2     52.0  moderate
   367       1003       2511     66.0     52.0  moderate
   368       1005       2511     66.0     52.0  moderate
   369       1009       2509     65.7     52.0  moderate
   370       1010       2507     65.4     52.0  moderate
   371       1008       2509     65.6     52.0  moderate
   372       1010       2516     65.4     52.0  moderate
   373       1007       2513     65.4     52.0  moderate
   374       1008       2514     66.5     52.0  moderate
   375       1008       2506     65.9     52.0  moderate
   376       1010       2503     65.4     52.0  moderate
   377       1013       2506     65.3     52.0  moderate
   378       1010       2510     65.3     52.0  moderate
   379       1009       2505     65.3     52.0  moderate
   380       1013       2505     65.1     52.0  moderate
   381       1009       2510     65.7     52.0  moderate
   382       1008       2505     65.6     51.0  moderate
   383       1013       2513     65.1     52.0  moderate
   384       1014       2507     64.5     52.0  moderate
   385       1007       2507     65.2     51.0  moderate
   386       1009       2503     65.2     51.0  moderate
   387       1007       2501     64.9     51.0  moderate
   388       1013       2508     64.9     51.0  moderate
   389       1013       2509     65.1     51.0  moderate
   390       1009       2506     64.6     51.0  moderate
   391       1004       2509     64.9     51.0  moderate
   392       1006       2507     65.2     51.0  moderate
   393       1007       2504     64.8     51.0  moderate
   394       1008       2510     64.0     51.0  moderate
   395       1008       2505     64.9     51.0  moderate
   396       1005       2509     64.8     51.0  moderate
   397       1009       2514     64.4     51.0  moderate
   398       1014       2509     64.3     51.0  moderate
   399       1014       2511     64.5     51.0  moderate
   400       1013       2510     64.4     51.0  moderate
   401       1013       2506     64.5     51.0  moderate
   402       1012       2504     64.3     51.0  moderate
   403       1010       2510     64.8     51.0  moderate
   404       1010       2512     64.2     51.0  moderate
   405       1008       2505     64.3     51.0  moderate
   406       1003       2502     64.0     51.0  moderate
   407       1008       2510     64.3     51.0  moderate
   408       1008       2511     64.4     51.0  moderate
   409       1010       2504     64.3     51.0  moderate
   410       1009       2499     64.4     51.0  moderate
   411       1012       2503     64.3     51.0  moderate
   412       1006       2506     64.0     51.0  moderate
   413       1008       2507     64.0     51.0  moderate
   414       1007       2504     63.1     51.0  moderate
   415       1005       2500     64.0     51.0  moderate
   416       1004       2504     63.4     51.0  moderate
   417       1005       2509     63.7     51.0  moderate
   418       1005       2507     63.4     51.0  moderate
   419       1007       2499     63.0     51.0  moderate

stopped: duration elapsed after 420 s
  commanded          1000 rpm
  peak held fan      1162 rpm  (includes spin-down at start)
  settled at         1 s
  peak held, judged  1021 rpm  (after settling: the evidence)
  control fan        1167 -> 2519 rpm  (the firmware's intent)
  peak SoC           72.1 C

verdict: THE FIRMWARE DOES NOT OVERRIDE A HELD FAN.
         the control fan went 1167 -> 2519 rpm and SoC 49.6 -> 72.1 C,
         so the firmware plainly wanted more airflow. yet after
         settling at 1 s, fan 0 never exceeded 1021 rpm against a
         commanded 1000.

         while fanpro holds a fan, fanpro's safety layer is the
         only thermal protection that fan has.
